../Core/Src/led.c:42:6:led_main	8	static
../Core/Src/led.c:99:6:Circular	8	static
../Core/Src/led.c:121:6:move_led	8	static
../Core/Src/led.c:143:6:button0_toggle	8	static
../Core/Src/led.c:166:6:button0_led_all_on_off_toggle	8	static
../Core/Src/led.c:185:6:flower_on	16	static
../Core/Src/led.c:208:6:flower_off	16	static
../Core/Src/led.c:227:6:keepon_up	16	static
../Core/Src/led.c:245:6:keepon_down	16	static
../Core/Src/led.c:265:6:led_on_up	16	static
../Core/Src/led.c:286:6:led_on_down	16	static
../Core/Src/led.c:307:6:led_all_on	8	static
../Core/Src/led.c:313:6:led_all_off	8	static
