../Core/Src/main.c:117:6:HAL_SYSTICK_Handler	4	static
../Core/Src/main.c:125:6:HAL_TIM_PeriodElapsedCallback	16	static
../Core/Src/main.c:134:6:delay_us	16	static
../Core/Src/main.c:154:1:__io_putchar	16	static
../Core/Src/main.c:174:5:main	8	static
../Core/Src/main.c:265:6:SystemClock_Config	88	static
../Core/Src/main.c:312:13:MX_ETH_Init	8	static
../Core/Src/main.c:361:13:MX_I2C1_Init	8	static
../Core/Src/main.c:409:13:MX_RTC_Init	32	static
../Core/Src/main.c:472:13:MX_TIM2_Init	48	static
../Core/Src/main.c:521:13:MX_TIM3_Init	32	static
../Core/Src/main.c:569:13:MX_TIM4_Init	64	static
../Core/Src/main.c:628:13:MX_TIM5_Init	64	static
../Core/Src/main.c:687:13:MX_TIM10_Init	8	static
../Core/Src/main.c:718:13:MX_TIM11_Init	8	static
../Core/Src/main.c:749:13:MX_USART3_UART_Init	8	static
../Core/Src/main.c:782:13:MX_USB_OTG_FS_PCD_Init	8	static
../Core/Src/main.c:817:13:MX_GPIO_Init	64	static
../Core/Src/main.c:942:6:Error_Handler	4	static,ignoring_inline_asm
